
$ /Users/xingzhaorui/miniconda3/envs/train/bin/python -m train.validate.run_freerun_cycles --teacher /Users/xingzhaorui/PycharmProjects/PythonProject/validate/teacher_batches/Walk_F_teacher.json --model /Users/xingzhaorui/PycharmProjects/PythonProject/models/__tmp_stage6_hiddenfeat_compare_20260313/exp_phase_DirectBranch_v1_d1_hidden_gradoff_20260313/ckpt_best_free_exp_phase_DirectBranch_v1_d1_hidden_gradoff_20260313.pth --rounds 5 --depth 3 --time-index-mode cycle --phase_reset_source none --contacts_meas_source pretrain_contact --contacts_meas_pretrain_clamp 1.0 --contacts_meas_pretrain_affine_stats /Users/xingzhaorui/PycharmProjects/PythonProject/debug_output/_tmp_phaseb_affine_20260304/affine_fit_mix08/affine_stats.json --encoder-bundle /Users/xingzhaorui/PycharmProjects/PythonProject/models/motion_encoder_equiv.pt.best.pt --export_joint_direct_geolocal_series --out /Users/xingzhaorui/PycharmProjects/PythonProject/debug_output/_tmp_stage6_hiddenfeat_compare_20260313/results/old_hidden_gradoff/basetrain_freerun --force
[FreeRun][INFO] stripped 10 frozen encoder keys from checkpoint for runtime load.
[ForwardAxis] source=meta axis=2 (median Δyaw=12.85° offset=12.85°)
[Spec] SRC up-axis = 2 (0:X,1:Y,2:Z)
[Spec] handedness(from JSON) = left  hand_sign=-1
[FreeRun][INFO] ckpt period_dim=32 but Event-Clock period_feat_dim=0; initializing model with Event-Clock-compatible period_dim then attaching encoder bundle before loading weights.
[FreeRun][WARN] dropping unsupported EventMotionModel kwargs: direct_pose_hinge_axis, direct_pose_hinge_base_feat, direct_pose_hinge_bones, direct_pose_hinge_clean, direct_pose_hinge_enable, direct_pose_hinge_eps_dropout, direct_pose_hinge_eps_hidden, direct_pose_hinge_eps_max_deg, direct_pose_hinge_eps_max_scale, direct_pose_hinge_eps_source, direct_pose_hinge_feat_source, direct_pose_hinge_gate_mode, ... (+4)
[FreeRun][WARN] state_dict mismatch: missing=['frozen_encoder.mlp.0.weight', 'frozen_encoder.mlp.0.bias', 'frozen_encoder.mlp.3.weight', 'frozen_encoder.mlp.3.bias', 'frozen_encoder.mlp.6.weight', 'frozen_encoder.mlp.6.bias', 'frozen_encoder.summary_head.weight', 'frozen_encoder.summary_head.bias', 'frozen_period_head.fc.weight', 'frozen_period_head.fc.bias'], unexpected=[]
[LR-DBG:init] arg_lr=1.00e-04 opt_pg0=1.00e-04
[Loss][UnifiedWeights] range=[0.050, 6.612] mean=1.000 std=1.499 power=0.6 self_scale=1.5 min_w=0.05 visual=False
[OK] Walk_F: wrote /Users/xingzhaorui/PycharmProjects/PythonProject/debug_output/_tmp_stage6_hiddenfeat_compare_20260313/results/old_hidden_gradoff/basetrain_freerun/Walk_F_freerun_cycles.json
[Done] clips=1 ok / 0 failed
[exit_code] 0

$ /Users/xingzhaorui/miniconda3/envs/train/bin/python /Users/xingzhaorui/PycharmProjects/PythonProject/tools/phasea_group_summary.py /Users/xingzhaorui/PycharmProjects/PythonProject/debug_output/_tmp_stage6_hiddenfeat_compare_20260313/results/old_hidden_gradoff/basetrain_freerun/Walk_F_freerun_cycles.json --cycle_gte 1 --drop_wrap --out /Users/xingzhaorui/PycharmProjects/PythonProject/debug_output/_tmp_stage6_hiddenfeat_compare_20260313/results/old_hidden_gradoff/basetrain_group_summary.json
/Users/xingzhaorui/PycharmProjects/PythonProject/debug_output/_tmp_stage6_hiddenfeat_compare_20260313/results/old_hidden_gradoff/basetrain_group_summary.json
[exit_code] 0

$ /Users/xingzhaorui/miniconda3/envs/train/bin/python -m train.posttrain --config /Users/xingzhaorui/PycharmProjects/PythonProject/config/posttrain_WalkF_stage6_direct_cond_anchor_splitfirst_3way_armchain_pe32h512_20260227.json --ckpt_in /Users/xingzhaorui/PycharmProjects/PythonProject/models/__tmp_stage6_hiddenfeat_compare_20260313/exp_phase_DirectBranch_v1_d1_hidden_gradoff_20260313/ckpt_best_free_exp_phase_DirectBranch_v1_d1_hidden_gradoff_20260313.pth --out_dir /Users/xingzhaorui/PycharmProjects/PythonProject/models/__tmp_stage6_hiddenfeat_stage6_20260313/old_hidden_gradoff --run_name old_hidden_gradoff_stage6_cmp_hiddenfeat_20260313_hiddenfeat --posttrain_contacts_source pretrain_contact --posttrain_contacts_pretrain_clamp 1.0 --encoder_bundle /Users/xingzhaorui/PycharmProjects/PythonProject/models/motion_encoder_equiv.pt.best.pt --posttrain_contacts_pretrain_affine_stats /Users/xingzhaorui/PycharmProjects/PythonProject/debug_output/_tmp_phaseb_affine_20260304/affine_fit_mix08/affine_stats.json

$ /Users/xingzhaorui/miniconda3/envs/train/bin/python -m train.posttrain --config /Users/xingzhaorui/PycharmProjects/PythonProject/config/posttrain_WalkF_stage6_direct_cond_anchor_splitfirst_3way_armchain_pe32h512_20260227.json --ckpt_in /Users/xingzhaorui/PycharmProjects/PythonProject/models/__tmp_stage6_hiddenfeat_compare_20260313/exp_phase_DirectBranch_v1_d1_hidden_gradoff_20260313/ckpt_best_free_exp_phase_DirectBranch_v1_d1_hidden_gradoff_20260313.pth --out_dir /Users/xingzhaorui/PycharmProjects/PythonProject/models/__tmp_stage6_hiddenfeat_stage6_20260313/old_hidden_gradoff --run_name old_hidden_gradoff_stage6_cmp_hiddenfeat_20260313_hiddenfeat_old_gradoff --posttrain_contacts_source pretrain_contact --posttrain_contacts_pretrain_clamp 1.0 --encoder_bundle /Users/xingzhaorui/PycharmProjects/PythonProject/models/motion_encoder_equiv.pt.best.pt --posttrain_contacts_pretrain_affine_stats /Users/xingzhaorui/PycharmProjects/PythonProject/debug_output/_tmp_phaseb_affine_20260304/affine_fit_mix08/affine_stats.json
[ForwardAxis] source=meta axis=2 (median Δyaw=12.85° offset=12.85°)
[Spec] SRC up-axis = 2 (0:X,1:Y,2:Z)
[Spec] handedness(from JSON) = left  hand_sign=-1
[posttrain][WARN] checkpoint has contact_plan_init_head weights; overriding contact_plan_init_mode -> learnable+obs.
[posttrain][INFO] ckpt period_dim=32 but Event-Clock period_feat_dim=0; initializing model with Event-Clock-compatible period_dim then attaching encoder bundle before loading weights.
[posttrain][INFO] dropped 10 direct_pose_* tensors from checkpoint (reinit/override).
[LR-DBG:init] arg_lr=1.00e-03 opt_pg0=1.00e-03
[posttrain] mode=train_direct_pose
[posttrain] trainable=20 params: direct_pose_head.0.weight, direct_pose_head.0.bias, direct_pose_head.3.weight, direct_pose_head.3.bias, direct_pose_out_leg.weight, direct_pose_out_leg.bias, direct_pose_out_arm.weight, direct_pose_out_arm.bias ...
[posttrain][e1 i0/60] total=2.000000 dir=2.000000 blend=0.374140 inc=0.374140 λ=0.000±0.000 gnorm(L/N)=1.000/1.000 raw=1.000/1.000 ema=0.192/0.061 hit=0/0 g(trunk/leg/non)=1.112e+00/9.246e-01/7.061e-01 legω=4.981e+00 gr=0.764 grω=0.142 !grad_ratio_low_omega
[posttrain][e1 i20/60] total=1.442424 dir=1.442424 blend=0.380747 inc=0.380747 λ=0.000±0.000 gnorm(L/N)=0.710/0.733 raw=0.710/0.733 ema=0.148/0.044 hit=0/0 g(trunk/leg/non)=1.471e+00/1.583e+00/1.384e+00 legω=3.112e+00 gr=0.874 grω=0.445
[posttrain][e1 i40/60] total=1.273714 dir=1.273714 blend=0.378802 inc=0.378802 λ=0.000±0.000 gnorm(L/N)=0.766/0.507 raw=0.766/0.507 ema=0.095/0.027 hit=0/0 g(trunk/leg/non)=1.991e+00/1.856e+00/2.538e+00 legω=3.481e+00 gr=1.368 grω=0.729
[posttrain][epoch 1] avg_total=1.191906 ok_steps=60 skipped=0
[posttrain][e2 i0/60] total=0.940507 dir=0.940507 blend=0.376575 inc=0.376575 λ=0.000±0.000 gnorm(L/N)=0.459/0.482 raw=0.459/0.482 ema=0.061/0.017 hit=0/0 g(trunk/leg/non)=2.769e+00/2.355e+00/3.936e+00 legω=5.936e+00 gr=1.671 grω=0.663
[posttrain][e2 i20/60] total=1.237416 dir=1.237416 blend=0.378046 inc=0.378046 λ=0.000±0.000 gnorm(L/N)=0.610/0.628 raw=0.610/0.628 ema=0.040/0.011 hit=0/0 g(trunk/leg/non)=8.606e+00/5.328e+00/6.814e+00 legω=1.159e+01 gr=1.279 grω=0.588
[posttrain][e2 i40/60] total=1.473807 dir=1.473807 blend=0.367417 inc=0.367417 λ=0.000±0.000 gnorm(L/N)=0.712/0.762 raw=0.712/0.762 ema=0.029/0.008 hit=0/0 g(trunk/leg/non)=7.020e+00/3.609e+00/8.608e+00 legω=9.021e+00 gr=2.385 grω=0.954
[posttrain][epoch 2] avg_total=1.346196 ok_steps=60 skipped=0
[posttrain][e3 i0/60] total=1.506233 dir=1.506233 blend=0.374801 inc=0.374801 λ=0.000±0.000 gnorm(L/N)=0.787/0.719 raw=0.787/0.719 ema=0.023/0.006 hit=0/0 g(trunk/leg/non)=7.990e+00/6.631e+00/1.070e+01 legω=1.285e+01 gr=1.613 grω=0.832
[posttrain][e3 i20/60] total=1.575107 dir=1.575107 blend=0.365509 inc=0.365509 λ=0.000±0.000 gnorm(L/N)=0.743/0.832 raw=0.743/0.832 ema=0.021/0.005 hit=0/0 g(trunk/leg/non)=1.296e+01/8.014e+00/1.282e+01 legω=1.314e+01 gr=1.600 grω=0.976
[posttrain][e3 i40/60] total=2.060693 dir=2.060693 blend=0.376007 inc=0.376007 λ=0.000±0.000 gnorm(L/N)=1.109/0.951 raw=1.109/0.951 ema=0.019/0.005 hit=0/0 g(trunk/leg/non)=8.131e+00/8.896e+00/7.148e+00 legω=1.855e+01 gr=0.803 grω=0.385
[posttrain][epoch 3] avg_total=1.883427 ok_steps=60 skipped=0
[posttrain][e4 i0/60] total=1.413284 dir=1.413284 blend=0.377913 inc=0.377913 λ=0.000±0.000 gnorm(L/N)=0.649/0.765 raw=0.649/0.765 ema=0.019/0.005 hit=0/0 g(trunk/leg/non)=1.121e+01/9.466e+00/9.841e+00 legω=1.804e+01 gr=1.040 grω=0.546
[posttrain][e4 i20/60] total=1.663882 dir=1.663882 blend=0.370603 inc=0.370603 λ=0.000±0.000 gnorm(L/N)=0.915/0.748 raw=0.915/0.748 ema=0.019/0.005 hit=0/0 g(trunk/leg/non)=8.111e+00/7.120e+00/7.952e+00 legω=1.462e+01 gr=1.117 grω=0.544
[posttrain][e4 i40/60] total=1.658824 dir=1.658824 blend=0.366990 inc=0.366990 λ=0.000±0.000 gnorm(L/N)=0.835/0.823 raw=0.835/0.823 ema=0.017/0.004 hit=0/0 g(trunk/leg/non)=8.547e+00/9.760e+00/9.002e+00 legω=1.316e+01 gr=0.922 grω=0.684
[posttrain][epoch 4] avg_total=1.863410 ok_steps=60 skipped=0
[posttrain][e5 i0/60] total=1.748709 dir=1.748709 blend=0.381936 inc=0.381936 λ=0.000±0.000 gnorm(L/N)=0.858/0.890 raw=0.858/0.890 ema=0.016/0.004 hit=0/0 g(trunk/leg/non)=1.416e+01/1.028e+01/1.253e+01 legω=1.954e+01 gr=1.219 grω=0.641
[posttrain][e5 i20/60] total=1.727787 dir=1.727787 blend=0.384073 inc=0.384073 λ=0.000±0.000 gnorm(L/N)=0.825/0.903 raw=0.825/0.903 ema=0.016/0.004 hit=0/0 g(trunk/leg/non)=1.398e+01/1.070e+01/9.912e+00 legω=2.131e+01 gr=0.927 grω=0.465
[posttrain][e5 i40/60] total=1.589096 dir=1.589096 blend=0.373644 inc=0.373644 λ=0.000±0.000 gnorm(L/N)=0.734/0.855 raw=0.734/0.855 ema=0.016/0.004 hit=0/0 g(trunk/leg/non)=1.207e+01/6.934e+00/1.060e+01 legω=1.405e+01 gr=1.528 grω=0.754
[posttrain][epoch 5] avg_total=1.945612 ok_steps=60 skipped=0
[posttrain][OK] saved: /Users/xingzhaorui/PycharmProjects/PythonProject/models/__tmp_stage6_hiddenfeat_stage6_20260313/old_hidden_gradoff/ckpt_last_old_hidden_gradoff_stage6_cmp_hiddenfeat_20260313_hiddenfeat_old_gradoff.pth
[exit_code] 0

$ /Users/xingzhaorui/miniconda3/envs/train/bin/python -m train.validate.run_freerun_cycles --teacher /Users/xingzhaorui/PycharmProjects/PythonProject/validate/teacher_batches/Walk_F_teacher.json --model /Users/xingzhaorui/PycharmProjects/PythonProject/models/__tmp_stage6_hiddenfeat_stage6_20260313/old_hidden_gradoff/ckpt_last_old_hidden_gradoff_stage6_cmp_hiddenfeat_20260313_hiddenfeat_old_gradoff.pth --rounds 5 --depth 3 --time-index-mode cycle --phase_reset_source none --contacts_meas_source pretrain_contact --contacts_meas_pretrain_clamp 1.0 --contacts_meas_pretrain_affine_stats /Users/xingzhaorui/PycharmProjects/PythonProject/debug_output/_tmp_phaseb_affine_20260304/affine_fit_mix08/affine_stats.json --encoder-bundle /Users/xingzhaorui/PycharmProjects/PythonProject/models/motion_encoder_equiv.pt.best.pt --export_joint_direct_geolocal_series --out /Users/xingzhaorui/PycharmProjects/PythonProject/debug_output/_tmp_stage6_hiddenfeat_compare_20260313/results/old_hidden_gradoff/stage6_freerun --force
[FreeRun][INFO] stripped 10 frozen encoder keys from checkpoint for runtime load.
[ForwardAxis] source=meta axis=2 (median Δyaw=12.85° offset=12.85°)
[Spec] SRC up-axis = 2 (0:X,1:Y,2:Z)
[Spec] handedness(from JSON) = left  hand_sign=-1
[FreeRun][INFO] ckpt period_dim=32 but Event-Clock period_feat_dim=0; initializing model with Event-Clock-compatible period_dim then attaching encoder bundle before loading weights.
[FreeRun][WARN] dropping unsupported EventMotionModel kwargs: direct_pose_hinge_axis, direct_pose_hinge_base_feat, direct_pose_hinge_bones, direct_pose_hinge_clean, direct_pose_hinge_enable, direct_pose_hinge_eps_dropout, direct_pose_hinge_eps_hidden, direct_pose_hinge_eps_max_deg, direct_pose_hinge_eps_max_scale, direct_pose_hinge_eps_source, direct_pose_hinge_feat_source, direct_pose_hinge_gate_mode, ... (+4)
[FreeRun][WARN] state_dict mismatch: missing=['frozen_encoder.mlp.0.weight', 'frozen_encoder.mlp.0.bias', 'frozen_encoder.mlp.3.weight', 'frozen_encoder.mlp.3.bias', 'frozen_encoder.mlp.6.weight', 'frozen_encoder.mlp.6.bias', 'frozen_encoder.summary_head.weight', 'frozen_encoder.summary_head.bias', 'frozen_period_head.fc.weight', 'frozen_period_head.fc.bias'], unexpected=[]
[LR-DBG:init] arg_lr=1.00e-04 opt_pg0=1.00e-04
[Loss][UnifiedWeights] range=[0.050, 6.612] mean=1.000 std=1.499 power=0.6 self_scale=1.5 min_w=0.05 visual=False
[OK] Walk_F: wrote /Users/xingzhaorui/PycharmProjects/PythonProject/debug_output/_tmp_stage6_hiddenfeat_compare_20260313/results/old_hidden_gradoff/stage6_freerun/Walk_F_freerun_cycles.json
[Done] clips=1 ok / 0 failed
[exit_code] 0

$ /Users/xingzhaorui/miniconda3/envs/train/bin/python /Users/xingzhaorui/PycharmProjects/PythonProject/tools/phasea_group_summary.py /Users/xingzhaorui/PycharmProjects/PythonProject/debug_output/_tmp_stage6_hiddenfeat_compare_20260313/results/old_hidden_gradoff/stage6_freerun/Walk_F_freerun_cycles.json --cycle_gte 1 --drop_wrap --out /Users/xingzhaorui/PycharmProjects/PythonProject/debug_output/_tmp_stage6_hiddenfeat_compare_20260313/results/old_hidden_gradoff/stage6_group_summary.json
/Users/xingzhaorui/PycharmProjects/PythonProject/debug_output/_tmp_stage6_hiddenfeat_compare_20260313/results/old_hidden_gradoff/stage6_group_summary.json
[exit_code] 0

$ /Users/xingzhaorui/miniconda3/envs/train/bin/python -m train.posttrain --config /Users/xingzhaorui/PycharmProjects/PythonProject/config/posttrain_WalkF_stage6_direct_cond_anchor_splitfirst_3way_armchain_pe32h512_20260227.json --ckpt_in /Users/xingzhaorui/PycharmProjects/PythonProject/models/__tmp_stage6_hiddenfeat_compare_20260313/exp_phase_DirectBranch_v1_d1_hidden_gradoff_20260313/ckpt_best_free_exp_phase_DirectBranch_v1_d1_hidden_gradoff_20260313.pth --out_dir /Users/xingzhaorui/PycharmProjects/PythonProject/models/__tmp_stage6_hiddenfeat_stage6_20260313/old_hidden_gradoff --run_name old_hidden_gradoff_stage6_cmp_hiddenfeat_20260313_hiddenfeat --posttrain_contacts_source pretrain_contact --posttrain_contacts_pretrain_clamp 1.0 --encoder_bundle /Users/xingzhaorui/PycharmProjects/PythonProject/models/motion_encoder_equiv.pt.best.pt --posttrain_contacts_pretrain_affine_stats /Users/xingzhaorui/PycharmProjects/PythonProject/debug_output/_tmp_phaseb_affine_20260304/affine_fit_mix08/affine_stats.json
