
$ /Users/xingzhaorui/miniconda3/envs/train/bin/python -m train.posttrain --config /Users/xingzhaorui/PycharmProjects/PythonProject/debug_output/_tmp_stage6_noreinit_compare_20260313/stage6_direct_cond_anchor_splitfirst_3way_armchain_pe32h512_20260227_noreinit.json --ckpt_in /Users/xingzhaorui/PycharmProjects/PythonProject/models/MLPL2_DirectBranch_v1/exp_phase_DirectBranch_v1_d1_cp015_tailk3/ckpt_best_free_exp_phase_DirectBranch_v1_d1_cp015_tailk3.pth --out_dir /Users/xingzhaorui/PycharmProjects/PythonProject/models/__tmp_stage6_noreinit_compare_20260313/cp015_bestfree --run_name cp015_bestfree_stage6_noreinit_20260313_noreinit --posttrain_contacts_source pretrain_contact --posttrain_contacts_pretrain_clamp 1.0 --encoder_bundle /Users/xingzhaorui/PycharmProjects/PythonProject/models/motion_encoder_equiv.pt.best.pt --posttrain_contacts_pretrain_affine_stats /Users/xingzhaorui/PycharmProjects/PythonProject/debug_output/_tmp_phaseb_affine_20260304/affine_fit_mix08/affine_stats.json
[ForwardAxis] source=meta axis=2 (median Δyaw=12.85° offset=12.85°)
[Spec] SRC up-axis = 2 (0:X,1:Y,2:Z)
[Spec] handedness(from JSON) = left  hand_sign=-1
[posttrain][WARN] checkpoint has contact_plan_init_head weights; overriding contact_plan_init_mode -> learnable+obs.
[posttrain][INFO] ckpt period_dim=32 but Event-Clock period_feat_dim=0; initializing model with Event-Clock-compatible period_dim then attaching encoder bundle before loading weights.
[posttrain][INFO] dropped 10 direct_pose_* tensors from checkpoint (reinit/override).
[LR-DBG:init] arg_lr=1.00e-03 opt_pg0=1.00e-03
[posttrain] mode=train_direct_pose
[posttrain] trainable=20 params: direct_pose_head.0.weight, direct_pose_head.0.bias, direct_pose_head.3.weight, direct_pose_head.3.bias, direct_pose_out_leg.weight, direct_pose_out_leg.bias, direct_pose_out_arm.weight, direct_pose_out_arm.bias ...
[posttrain][e1 i0/60] total=2.000000 dir=2.000000 blend=0.227798 inc=0.227798 λ=0.000±0.000 gnorm(L/N)=1.000/1.000 raw=1.000/1.000 ema=0.192/0.061 hit=0/0 g(trunk/leg/non)=1.081e+00/9.294e-01/6.789e-01 legω=5.011e+00 gr=0.730 grω=0.135 !grad_ratio_low_omega
[posttrain][e1 i20/60] total=1.458864 dir=1.458864 blend=0.231562 inc=0.231562 λ=0.000±0.000 gnorm(L/N)=0.706/0.753 raw=0.706/0.753 ema=0.149/0.044 hit=0/0 g(trunk/leg/non)=1.733e+00/1.774e+00/1.456e+00 legω=3.247e+00 gr=0.821 grω=0.449
[posttrain][e1 i40/60] total=1.344095 dir=1.344095 blend=0.228461 inc=0.228461 λ=0.000±0.000 gnorm(L/N)=0.797/0.548 raw=0.797/0.548 ema=0.097/0.027 hit=0/0 g(trunk/leg/non)=2.160e+00/1.751e+00/2.765e+00 legω=3.480e+00 gr=1.579 grω=0.795
[posttrain][epoch 1] avg_total=1.211899 ok_steps=60 skipped=0
[posttrain][e2 i0/60] total=1.049093 dir=1.049093 blend=0.231295 inc=0.231295 λ=0.000±0.000 gnorm(L/N)=0.542/0.507 raw=0.542/0.507 ema=0.064/0.017 hit=0/0 g(trunk/leg/non)=2.188e+00/2.828e+00/4.837e+00 legω=6.355e+00 gr=1.710 grω=0.761
[posttrain][e2 i20/60] total=1.164558 dir=1.164558 blend=0.227736 inc=0.227736 λ=0.000±0.000 gnorm(L/N)=0.577/0.587 raw=0.577/0.587 ema=0.042/0.011 hit=0/0 g(trunk/leg/non)=5.122e+00/5.176e+00/5.541e+00 legω=9.720e+00 gr=1.070 grω=0.570
[posttrain][e2 i40/60] total=1.531707 dir=1.531707 blend=0.215710 inc=0.215710 λ=0.000±0.000 gnorm(L/N)=0.791/0.741 raw=0.791/0.741 ema=0.032/0.008 hit=0/0 g(trunk/leg/non)=9.320e+00/6.337e+00/1.019e+01 legω=1.091e+01 gr=1.609 grω=0.935
[posttrain][epoch 2] avg_total=1.392581 ok_steps=60 skipped=0
[posttrain][e3 i0/60] total=1.455490 dir=1.455490 blend=0.226507 inc=0.226507 λ=0.000±0.000 gnorm(L/N)=0.743/0.713 raw=0.743/0.713 ema=0.025/0.007 hit=0/0 g(trunk/leg/non)=6.924e+00/6.365e+00/7.691e+00 legω=1.413e+01 gr=1.208 grω=0.544
[posttrain][e3 i20/60] total=1.370821 dir=1.370821 blend=0.221647 inc=0.221647 λ=0.000±0.000 gnorm(L/N)=0.694/0.677 raw=0.694/0.677 ema=0.019/0.005 hit=0/0 g(trunk/leg/non)=7.716e+00/7.437e+00/1.356e+01 legω=1.292e+01 gr=1.823 grω=1.049
[posttrain][e3 i40/60] total=1.611916 dir=1.611916 blend=0.225679 inc=0.225679 λ=0.000±0.000 gnorm(L/N)=0.771/0.841 raw=0.771/0.841 ema=0.017/0.005 hit=0/0 g(trunk/leg/non)=8.388e+00/8.131e+00/1.019e+01 legω=2.190e+01 gr=1.253 grω=0.465
[posttrain][epoch 3] avg_total=1.762200 ok_steps=60 skipped=0
[posttrain][e4 i0/60] total=2.888553 dir=2.888553 blend=0.227830 inc=0.227830 λ=0.000±0.000 gnorm(L/N)=1.303/1.585 raw=1.303/1.585 ema=0.017/0.005 hit=0/0 g(trunk/leg/non)=2.427e+01/1.275e+01/1.606e+01 legω=2.435e+01 gr=1.259 grω=0.659
[posttrain][e4 i20/60] total=1.413143 dir=1.413143 blend=0.218013 inc=0.218013 λ=0.000±0.000 gnorm(L/N)=0.761/0.652 raw=0.761/0.652 ema=0.018/0.005 hit=0/0 g(trunk/leg/non)=5.643e+00/8.149e+00/1.173e+01 legω=1.714e+01 gr=1.440 grω=0.685
[posttrain][e4 i40/60] total=2.049639 dir=2.049639 blend=0.219282 inc=0.219282 λ=0.000±0.000 gnorm(L/N)=0.868/1.182 raw=0.868/1.182 ema=0.017/0.005 hit=0/0 g(trunk/leg/non)=1.177e+01/6.718e+00/1.197e+01 legω=1.267e+01 gr=1.781 grω=0.945
[posttrain][epoch 4] avg_total=2.012333 ok_steps=60 skipped=0
[posttrain][e5 i0/60] total=1.366971 dir=1.366971 blend=0.225624 inc=0.225624 λ=0.000±0.000 gnorm(L/N)=0.681/0.686 raw=0.681/0.686 ema=0.018/0.005 hit=0/0 g(trunk/leg/non)=9.410e+00/6.487e+00/8.780e+00 legω=1.534e+01 gr=1.354 grω=0.572
[posttrain][e5 i20/60] total=1.593186 dir=1.593186 blend=0.224137 inc=0.224137 λ=0.000±0.000 gnorm(L/N)=0.807/0.786 raw=0.807/0.786 ema=0.017/0.004 hit=0/0 g(trunk/leg/non)=9.259e+00/6.999e+00/1.094e+01 legω=1.676e+01 gr=1.564 grω=0.653
[posttrain][e5 i40/60] total=1.469088 dir=1.469088 blend=0.232902 inc=0.232902 λ=0.000±0.000 gnorm(L/N)=0.760/0.709 raw=0.760/0.709 ema=0.016/0.004 hit=0/0 g(trunk/leg/non)=7.813e+00/8.401e+00/8.032e+00 legω=1.376e+01 gr=0.956 grω=0.584
[posttrain][epoch 5] avg_total=1.872920 ok_steps=60 skipped=0
[posttrain][OK] saved: /Users/xingzhaorui/PycharmProjects/PythonProject/models/__tmp_stage6_noreinit_compare_20260313/cp015_bestfree/ckpt_last_cp015_bestfree_stage6_noreinit_20260313_noreinit.pth
[exit_code] 0

$ /Users/xingzhaorui/miniconda3/envs/train/bin/python -m train.validate.run_freerun_cycles --teacher /Users/xingzhaorui/PycharmProjects/PythonProject/validate/teacher_batches/Walk_F_teacher.json --model /Users/xingzhaorui/PycharmProjects/PythonProject/models/__tmp_stage6_noreinit_compare_20260313/cp015_bestfree/ckpt_last_cp015_bestfree_stage6_noreinit_20260313_noreinit.pth --rounds 5 --depth 3 --time-index-mode cycle --phase_reset_source none --contacts_meas_source pretrain_contact --contacts_meas_pretrain_clamp 1.0 --contacts_meas_pretrain_affine_stats /Users/xingzhaorui/PycharmProjects/PythonProject/debug_output/_tmp_phaseb_affine_20260304/affine_fit_mix08/affine_stats.json --encoder-bundle /Users/xingzhaorui/PycharmProjects/PythonProject/models/motion_encoder_equiv.pt.best.pt --export_joint_direct_geolocal_series --out /Users/xingzhaorui/PycharmProjects/PythonProject/debug_output/_tmp_stage6_noreinit_compare_20260313/results/cp015_bestfree/stage6_freerun --force
[FreeRun][INFO] stripped 10 frozen encoder keys from checkpoint for runtime load.
[ForwardAxis] source=meta axis=2 (median Δyaw=12.85° offset=12.85°)
[Spec] SRC up-axis = 2 (0:X,1:Y,2:Z)
[Spec] handedness(from JSON) = left  hand_sign=-1
[FreeRun][INFO] ckpt period_dim=32 but Event-Clock period_feat_dim=0; initializing model with Event-Clock-compatible period_dim then attaching encoder bundle before loading weights.
[FreeRun][WARN] dropping unsupported EventMotionModel kwargs: direct_pose_hinge_axis, direct_pose_hinge_base_feat, direct_pose_hinge_bones, direct_pose_hinge_clean, direct_pose_hinge_enable, direct_pose_hinge_eps_dropout, direct_pose_hinge_eps_hidden, direct_pose_hinge_eps_max_deg, direct_pose_hinge_eps_max_scale, direct_pose_hinge_eps_source, direct_pose_hinge_feat_source, direct_pose_hinge_gate_mode, ... (+4)
[FreeRun][WARN] state_dict mismatch: missing=['frozen_encoder.mlp.0.weight', 'frozen_encoder.mlp.0.bias', 'frozen_encoder.mlp.3.weight', 'frozen_encoder.mlp.3.bias', 'frozen_encoder.mlp.6.weight', 'frozen_encoder.mlp.6.bias', 'frozen_encoder.summary_head.weight', 'frozen_encoder.summary_head.bias', 'frozen_period_head.fc.weight', 'frozen_period_head.fc.bias'], unexpected=[]
[LR-DBG:init] arg_lr=1.00e-04 opt_pg0=1.00e-04
[Loss][UnifiedWeights] range=[0.050, 6.612] mean=1.000 std=1.499 power=0.6 self_scale=1.5 min_w=0.05 visual=False
[OK] Walk_F: wrote /Users/xingzhaorui/PycharmProjects/PythonProject/debug_output/_tmp_stage6_noreinit_compare_20260313/results/cp015_bestfree/stage6_freerun/Walk_F_freerun_cycles.json
[Done] clips=1 ok / 0 failed
[exit_code] 0

$ /Users/xingzhaorui/miniconda3/envs/train/bin/python /Users/xingzhaorui/PycharmProjects/PythonProject/tools/phasea_group_summary.py /Users/xingzhaorui/PycharmProjects/PythonProject/debug_output/_tmp_stage6_noreinit_compare_20260313/results/cp015_bestfree/stage6_freerun/Walk_F_freerun_cycles.json --cycle_gte 1 --drop_wrap --out /Users/xingzhaorui/PycharmProjects/PythonProject/debug_output/_tmp_stage6_noreinit_compare_20260313/results/cp015_bestfree/stage6_group_summary.json
/Users/xingzhaorui/PycharmProjects/PythonProject/debug_output/_tmp_stage6_noreinit_compare_20260313/results/cp015_bestfree/stage6_group_summary.json
[exit_code] 0
