
$ /Users/xingzhaorui/miniconda3/envs/train/bin/python -m train.posttrain --config /Users/xingzhaorui/PycharmProjects/PythonProject/debug_output/_tmp_stage6_keepweight_compare_20260313/stage6_direct_cond_anchor_splitfirst_3way_armchain_keepweight_20260313.json --ckpt_in /Users/xingzhaorui/PycharmProjects/PythonProject/models/MLPL2_DirectBranch_v1/exp_phase_DirectBranch_v1_d1/ckpt_best_free_exp_phase_DirectBranch_v1_d1.pth --out_dir /Users/xingzhaorui/PycharmProjects/PythonProject/models/__tmp_stage6_keepweight_compare_20260313/old_bestfree --run_name old_bestfree_stage6_probe_keepweight_20260313_keepweight --posttrain_contacts_source pretrain_contact --posttrain_contacts_pretrain_clamp 1.0 --encoder_bundle /Users/xingzhaorui/PycharmProjects/PythonProject/models/motion_encoder_equiv.pt.best.pt --posttrain_contacts_pretrain_affine_stats /Users/xingzhaorui/PycharmProjects/PythonProject/debug_output/_tmp_phaseb_affine_20260304/affine_fit_mix08/affine_stats.json
[ForwardAxis] source=meta axis=2 (median Δyaw=12.85° offset=12.85°)
[Spec] SRC up-axis = 2 (0:X,1:Y,2:Z)
[Spec] handedness(from JSON) = left  hand_sign=-1
[posttrain][WARN] checkpoint has contact_plan_init_head weights; overriding contact_plan_init_mode -> learnable+obs.
[posttrain][INFO] ckpt period_dim=32 but Event-Clock period_feat_dim=0; initializing model with Event-Clock-compatible period_dim then attaching encoder bundle before loading weights.
[LR-DBG:init] arg_lr=1.00e-03 opt_pg0=1.00e-03
[posttrain] mode=train_direct_pose
[posttrain] trainable=20 params: direct_pose_head.0.weight, direct_pose_head.0.bias, direct_pose_head.3.weight, direct_pose_head.3.bias, direct_pose_out_leg.weight, direct_pose_out_leg.bias, direct_pose_out_arm.weight, direct_pose_out_arm.bias ...
[posttrain][e1 i0/60] total=2.000000 dir=2.000000 blend=0.276829 inc=0.276829 λ=0.000±0.000 gnorm(L/N)=1.000/1.000 raw=1.000/1.000 ema=0.379/0.129 hit=0/0 g(trunk/leg/non)=1.522e+00/1.651e+00/1.782e+00 legω=4.027e+00 gr=1.079 grω=0.443
[posttrain][e1 i20/60] total=1.152590 dir=1.152590 blend=0.285562 inc=0.285562 λ=0.000±0.000 gnorm(L/N)=0.628/0.524 raw=0.628/0.524 ema=0.251/0.076 hit=0/0 g(trunk/leg/non)=6.349e-01/1.119e+00/1.082e+00 legω=2.090e+00 gr=0.966 grω=0.518
[posttrain][e1 i40/60] total=1.508476 dir=1.508476 blend=0.272653 inc=0.272653 λ=0.000±0.000 gnorm(L/N)=0.792/0.716 raw=0.792/0.716 ema=0.188/0.048 hit=0/0 g(trunk/leg/non)=1.680e+00/1.383e+00/8.947e-01 legω=1.702e+00 gr=0.647 grω=0.526
[posttrain][epoch 1] avg_total=1.312508 ok_steps=60 skipped=0
[posttrain][e2 i0/60] total=1.501128 dir=1.501128 blend=0.272780 inc=0.272780 λ=0.000±0.000 gnorm(L/N)=0.892/0.609 raw=0.892/0.609 ema=0.166/0.037 hit=0/0 g(trunk/leg/non)=1.508e+00/1.331e+00/1.894e+00 legω=2.281e+00 gr=1.423 grω=0.830
[posttrain][e2 i20/60] total=2.391027 dir=2.391027 blend=0.284285 inc=0.284285 λ=0.000±0.000 gnorm(L/N)=1.069/1.322 raw=1.069/1.322 ema=0.144/0.030 hit=0/0 g(trunk/leg/non)=1.451e+00/1.276e+00/1.427e+00 legω=2.229e+00 gr=1.119 grω=0.640
[posttrain][e2 i40/60] total=1.749608 dir=1.749608 blend=0.279063 inc=0.279063 λ=0.000±0.000 gnorm(L/N)=0.852/0.898 raw=0.852/0.898 ema=0.138/0.027 hit=0/0 g(trunk/leg/non)=2.031e+00/9.294e-01/1.822e+00 legω=1.997e+00 gr=1.961 grω=0.913
[posttrain][epoch 2] avg_total=1.841107 ok_steps=60 skipped=0
[posttrain][e3 i0/60] total=2.084275 dir=2.084275 blend=0.273415 inc=0.273415 λ=0.000±0.000 gnorm(L/N)=1.162/0.923 raw=1.162/0.923 ema=0.136/0.028 hit=0/0 g(trunk/leg/non)=4.008e+00/9.796e-01/2.111e+00 legω=2.936e+00 gr=2.155 grω=0.719
[posttrain][e3 i20/60] total=1.946818 dir=1.946818 blend=0.280225 inc=0.280225 λ=0.000±0.000 gnorm(L/N)=1.108/0.839 raw=1.108/0.839 ema=0.130/0.026 hit=0/0 g(trunk/leg/non)=1.805e+00/8.977e-01/1.568e+00 legω=2.779e+00 gr=1.746 grω=0.564
[posttrain][e3 i40/60] total=1.780921 dir=1.780921 blend=0.270944 inc=0.270944 λ=0.000±0.000 gnorm(L/N)=0.925/0.856 raw=0.925/0.856 ema=0.129/0.025 hit=0/0 g(trunk/leg/non)=1.940e+00/9.930e-01/2.441e+00 legω=1.258e+00 gr=2.458 grω=1.941
[posttrain][epoch 3] avg_total=1.905535 ok_steps=60 skipped=0
[posttrain][e4 i0/60] total=1.993109 dir=1.993109 blend=0.276870 inc=0.276870 λ=0.000±0.000 gnorm(L/N)=1.027/0.966 raw=1.027/0.966 ema=0.123/0.023 hit=0/0 g(trunk/leg/non)=6.197e+00/9.342e-01/2.275e+00 legω=2.548e+00 gr=2.436 grω=0.893
[posttrain][e4 i20/60] total=1.635558 dir=1.635558 blend=0.266788 inc=0.266788 λ=0.000±0.000 gnorm(L/N)=0.829/0.807 raw=0.829/0.807 ema=0.119/0.023 hit=0/0 g(trunk/leg/non)=2.076e+00/9.961e-01/1.869e+00 legω=1.490e+00 gr=1.877 grω=1.254
[posttrain][e4 i40/60] total=1.963010 dir=1.963010 blend=0.301194 inc=0.301194 λ=0.000±0.000 gnorm(L/N)=0.922/1.041 raw=0.922/1.041 ema=0.114/0.021 hit=0/0 g(trunk/leg/non)=3.117e+00/8.193e-01/2.221e+00 legω=2.289e+00 gr=2.710 grω=0.970
[posttrain][epoch 4] avg_total=1.927747 ok_steps=60 skipped=0
[posttrain][e5 i0/60] total=1.739404 dir=1.739404 blend=0.269802 inc=0.269802 λ=0.000±0.000 gnorm(L/N)=0.887/0.852 raw=0.887/0.852 ema=0.111/0.020 hit=0/0 g(trunk/leg/non)=3.324e+00/8.360e-01/1.826e+00 legω=1.396e+00 gr=2.184 grω=1.308
[posttrain][e5 i20/60] total=1.662784 dir=1.662784 blend=0.277442 inc=0.277442 λ=0.000±0.000 gnorm(L/N)=0.819/0.843 raw=0.819/0.843 ema=0.108/0.020 hit=0/0 g(trunk/leg/non)=5.318e+00/7.240e-01/2.029e+00 legω=3.059e+00 gr=2.802 grω=0.663
[posttrain][e5 i40/60] total=1.952936 dir=1.952936 blend=0.269697 inc=0.269697 λ=0.000±0.000 gnorm(L/N)=1.061/0.892 raw=1.061/0.892 ema=0.110/0.020 hit=0/0 g(trunk/leg/non)=1.622e+00/1.105e+00/2.075e+00 legω=2.453e+00 gr=1.877 grω=0.846
[posttrain][epoch 5] avg_total=1.990072 ok_steps=60 skipped=0
[posttrain][OK] saved: /Users/xingzhaorui/PycharmProjects/PythonProject/models/__tmp_stage6_keepweight_compare_20260313/old_bestfree/ckpt_last_old_bestfree_stage6_probe_keepweight_20260313_keepweight.pth
[exit_code] 0

$ /Users/xingzhaorui/miniconda3/envs/train/bin/python -m train.validate.run_freerun_cycles --teacher /Users/xingzhaorui/PycharmProjects/PythonProject/validate/teacher_batches/Walk_F_teacher.json --model /Users/xingzhaorui/PycharmProjects/PythonProject/models/__tmp_stage6_keepweight_compare_20260313/old_bestfree/ckpt_last_old_bestfree_stage6_probe_keepweight_20260313_keepweight.pth --rounds 5 --depth 3 --time-index-mode cycle --phase_reset_source none --contacts_meas_source pretrain_contact --contacts_meas_pretrain_clamp 1.0 --contacts_meas_pretrain_affine_stats /Users/xingzhaorui/PycharmProjects/PythonProject/debug_output/_tmp_phaseb_affine_20260304/affine_fit_mix08/affine_stats.json --encoder-bundle /Users/xingzhaorui/PycharmProjects/PythonProject/models/motion_encoder_equiv.pt.best.pt --export_joint_direct_geolocal_series --out /Users/xingzhaorui/PycharmProjects/PythonProject/debug_output/_tmp_stage6_keepweight_compare_20260313/results/old_bestfree/stage6_freerun --force
[FreeRun][INFO] stripped 10 frozen encoder keys from checkpoint for runtime load.
[ForwardAxis] source=meta axis=2 (median Δyaw=12.85° offset=12.85°)
[Spec] SRC up-axis = 2 (0:X,1:Y,2:Z)
[Spec] handedness(from JSON) = left  hand_sign=-1
[FreeRun][INFO] ckpt period_dim=32 but Event-Clock period_feat_dim=0; initializing model with Event-Clock-compatible period_dim then attaching encoder bundle before loading weights.
[FreeRun][WARN] dropping unsupported EventMotionModel kwargs: direct_pose_hinge_axis, direct_pose_hinge_base_feat, direct_pose_hinge_bones, direct_pose_hinge_clean, direct_pose_hinge_enable, direct_pose_hinge_eps_dropout, direct_pose_hinge_eps_hidden, direct_pose_hinge_eps_max_deg, direct_pose_hinge_eps_max_scale, direct_pose_hinge_eps_source, direct_pose_hinge_feat_source, direct_pose_hinge_gate_mode, ... (+4)
[FreeRun][WARN] state_dict mismatch: missing=['frozen_encoder.mlp.0.weight', 'frozen_encoder.mlp.0.bias', 'frozen_encoder.mlp.3.weight', 'frozen_encoder.mlp.3.bias', 'frozen_encoder.mlp.6.weight', 'frozen_encoder.mlp.6.bias', 'frozen_encoder.summary_head.weight', 'frozen_encoder.summary_head.bias', 'frozen_period_head.fc.weight', 'frozen_period_head.fc.bias'], unexpected=[]
[LR-DBG:init] arg_lr=1.00e-04 opt_pg0=1.00e-04
[Loss][UnifiedWeights] range=[0.050, 6.612] mean=1.000 std=1.499 power=0.6 self_scale=1.5 min_w=0.05 visual=False
[OK] Walk_F: wrote /Users/xingzhaorui/PycharmProjects/PythonProject/debug_output/_tmp_stage6_keepweight_compare_20260313/results/old_bestfree/stage6_freerun/Walk_F_freerun_cycles.json
[Done] clips=1 ok / 0 failed
[exit_code] 0

$ /Users/xingzhaorui/miniconda3/envs/train/bin/python /Users/xingzhaorui/PycharmProjects/PythonProject/tools/phasea_group_summary.py /Users/xingzhaorui/PycharmProjects/PythonProject/debug_output/_tmp_stage6_keepweight_compare_20260313/results/old_bestfree/stage6_freerun/Walk_F_freerun_cycles.json --cycle_gte 1 --drop_wrap --out /Users/xingzhaorui/PycharmProjects/PythonProject/debug_output/_tmp_stage6_keepweight_compare_20260313/results/old_bestfree/stage6_group_summary.json
/Users/xingzhaorui/PycharmProjects/PythonProject/debug_output/_tmp_stage6_keepweight_compare_20260313/results/old_bestfree/stage6_group_summary.json
[exit_code] 0
