
$ /Users/xingzhaorui/miniconda3/envs/train/bin/python -m train.posttrain --config /Users/xingzhaorui/PycharmProjects/PythonProject/config/posttrain_WalkF_stage7_lambda_final_calib_20260227_fromarmchain_fullcompat.json --ckpt_in /Users/xingzhaorui/PycharmProjects/PythonProject/models/__tmp_72_lowlr_sweep_20260314/lr1e4/ckpt_last_WalkF_stage7_72_lr1e4_from_lowlr71_20260314.pth --out_dir /Users/xingzhaorui/PycharmProjects/PythonProject/models/__tmp_72_lowlr_to_lambda_20260315/lambda --run_name WalkF_stage7_lambda_from_lowlr72lr1e4_20260315 --posttrain_contacts_source pretrain_contact --posttrain_contacts_pretrain_clamp 1.0 --encoder_bundle /Users/xingzhaorui/PycharmProjects/PythonProject/models/motion_encoder_equiv.pt.best.pt --posttrain_contacts_pretrain_affine_stats /Users/xingzhaorui/PycharmProjects/PythonProject/debug_output/_tmp_phaseb_affine_20260304/affine_fit_mix08/affine_stats.json
[ForwardAxis] source=meta axis=2 (median Δyaw=12.85° offset=12.85°)
[Spec] SRC up-axis = 2 (0:X,1:Y,2:Z)
[Spec] handedness(from JSON) = left  hand_sign=-1
[posttrain][WARN] checkpoint has contact_plan_init_head weights; overriding contact_plan_init_mode -> learnable+obs.
[posttrain][INFO] ckpt period_dim=32 but Event-Clock period_feat_dim=0; initializing model with Event-Clock-compatible period_dim then attaching encoder bundle before loading weights.
[LR-DBG:init] arg_lr=2.00e-04 opt_pg0=2.00e-04
[posttrain] mode=train_lambda_head
[posttrain] trainable=6 params: lambda_fusion_head.0.weight, lambda_fusion_head.0.bias, lambda_fusion_head.1.weight, lambda_fusion_head.1.bias, lambda_fusion_head.4.weight, lambda_fusion_head.4.bias
[posttrain][e1 i0/200] total=0.050762 blend=0.050762 λ=0.119±0.000 inc=0.057132 dir=0.004318 λ_eff=0.116±0.017 r=0.971
[posttrain][e1 i20/200] total=0.033749 blend=0.033749 λ=0.189±0.016 inc=0.040882 dir=0.004323 λ_eff=0.183±0.031 r=0.971
[posttrain][e1 i40/200] total=0.007854 blend=0.007854 λ=0.649±0.112 inc=0.016158 dir=0.004451 λ_eff=0.630±0.143 r=0.971
[posttrain][e1 i60/200] total=0.004697 blend=0.004697 λ=0.923±0.169 inc=0.012708 dir=0.004429 λ_eff=0.896±0.210 r=0.971
[posttrain][e1 i80/200] total=0.004781 blend=0.004781 λ=0.945±0.169 inc=0.012907 dir=0.004316 λ_eff=0.917±0.212 r=0.971
[posttrain][e1 i100/200] total=0.004623 blend=0.004623 λ=0.949±0.164 inc=0.012487 dir=0.004353 λ_eff=0.922±0.208 r=0.971
[posttrain][e1 i120/200] total=0.004765 blend=0.004765 λ=0.951±0.161 inc=0.012841 dir=0.004309 λ_eff=0.924±0.207 r=0.971
[posttrain][e1 i140/200] total=0.004571 blend=0.004571 λ=0.953±0.158 inc=0.012577 dir=0.004308 λ_eff=0.925±0.204 r=0.971
[posttrain][e1 i160/200] total=0.004593 blend=0.004593 λ=0.953±0.155 inc=0.012656 dir=0.004306 λ_eff=0.925±0.202 r=0.971
[posttrain][e1 i180/200] total=0.004570 blend=0.004570 λ=0.953±0.152 inc=0.012550 dir=0.004362 λ_eff=0.925±0.200 r=0.971
[posttrain][epoch 1] avg_total=0.010346 ok_steps=200 skipped=0
[posttrain][OK] saved: /Users/xingzhaorui/PycharmProjects/PythonProject/models/__tmp_72_lowlr_to_lambda_20260315/lambda/ckpt_last_WalkF_stage7_lambda_from_lowlr72lr1e4_20260315.pth
[exit_code] 0

$ /Users/xingzhaorui/miniconda3/envs/train/bin/python -m train.validate.run_freerun_cycles --teacher /Users/xingzhaorui/PycharmProjects/PythonProject/validate/teacher_batches/Walk_F_teacher.json --model /Users/xingzhaorui/PycharmProjects/PythonProject/models/__tmp_72_lowlr_to_lambda_20260315/lambda/ckpt_last_WalkF_stage7_lambda_from_lowlr72lr1e4_20260315.pth --rounds 5 --depth 3 --time-index-mode cycle --event_clock auto --phase_reset_source none --contacts_meas_source model --lambda_fusion_apply --log_contacts --export_direct_arm_probe --export_joint_direct_geolocal_series --out /Users/xingzhaorui/PycharmProjects/PythonProject/debug_output/_tmp_72_lowlr_to_lambda_20260315/eval_lambda_model --force
[FreeRun][INFO] stripped 10 frozen encoder keys from checkpoint for runtime load.
[ForwardAxis] source=meta axis=2 (median Δyaw=12.85° offset=12.85°)
[Spec] SRC up-axis = 2 (0:X,1:Y,2:Z)
[Spec] handedness(from JSON) = left  hand_sign=-1
[FreeRun][INFO] ckpt period_dim=32 but Event-Clock period_feat_dim=0; initializing model with Event-Clock-compatible period_dim then attaching encoder bundle before loading weights.
[FreeRun][WARN] dropping unsupported EventMotionModel kwargs: direct_pose_hinge_axis, direct_pose_hinge_base_feat, direct_pose_hinge_bones, direct_pose_hinge_clean, direct_pose_hinge_enable, direct_pose_hinge_eps_dropout, direct_pose_hinge_eps_hidden, direct_pose_hinge_eps_max_deg, direct_pose_hinge_eps_max_scale, direct_pose_hinge_eps_source, direct_pose_hinge_feat_source, direct_pose_hinge_gate_mode, ... (+4)
[FreeRun][WARN] state_dict mismatch: missing=['frozen_encoder.mlp.0.weight', 'frozen_encoder.mlp.0.bias', 'frozen_encoder.mlp.3.weight', 'frozen_encoder.mlp.3.bias', 'frozen_encoder.mlp.6.weight', 'frozen_encoder.mlp.6.bias', 'frozen_encoder.summary_head.weight', 'frozen_encoder.summary_head.bias', 'frozen_period_head.fc.weight', 'frozen_period_head.fc.bias'], unexpected=[]
[LR-DBG:init] arg_lr=1.00e-04 opt_pg0=1.00e-04
[Loss][UnifiedWeights] range=[0.050, 6.612] mean=1.000 std=1.499 power=0.6 self_scale=1.5 min_w=0.05 visual=False
[OK] Walk_F: wrote /Users/xingzhaorui/PycharmProjects/PythonProject/debug_output/_tmp_72_lowlr_to_lambda_20260315/eval_lambda_model/Walk_F_freerun_cycles.json
[Done] clips=1 ok / 0 failed
[exit_code] 0

$ /Users/xingzhaorui/miniconda3/envs/train/bin/python /Users/xingzhaorui/PycharmProjects/PythonProject/tools/phasea_group_summary.py /Users/xingzhaorui/PycharmProjects/PythonProject/debug_output/_tmp_72_lowlr_to_lambda_20260315/eval_lambda_model/Walk_F_freerun_cycles.json --cycle_gte 1 --drop_wrap --out /Users/xingzhaorui/PycharmProjects/PythonProject/debug_output/_tmp_72_lowlr_to_lambda_20260315/eval_lambda_model_group_summary.json
/Users/xingzhaorui/PycharmProjects/PythonProject/debug_output/_tmp_72_lowlr_to_lambda_20260315/eval_lambda_model_group_summary.json
[exit_code] 0
