
$ /Users/xingzhaorui/miniconda3/envs/train/bin/python -m train.posttrain --config /Users/xingzhaorui/PycharmProjects/PythonProject/config/posttrain_WalkF_stage6_direct_cond_anchor_splitfirst_3way_armchain_pe32h512_20260227.json --ckpt_in /Users/xingzhaorui/PycharmProjects/PythonProject/models/__tmp_stage6_plantransplant_20260314/surgery_ckpts/old_with_cp015_planstack/old_with_cp015_planstack.pth --out_dir /Users/xingzhaorui/PycharmProjects/PythonProject/models/__tmp_stage6_plantransplant_20260314/stage6/old_with_cp015_planstack --run_name old_with_cp015_planstack_stage6_plantransplant_20260314 --posttrain_contacts_source pretrain_contact --posttrain_contacts_pretrain_clamp 1.0 --encoder_bundle /Users/xingzhaorui/PycharmProjects/PythonProject/models/motion_encoder_equiv.pt.best.pt --posttrain_contacts_pretrain_affine_stats /Users/xingzhaorui/PycharmProjects/PythonProject/debug_output/_tmp_phaseb_affine_20260304/affine_fit_mix08/affine_stats.json
[ForwardAxis] source=meta axis=2 (median Δyaw=12.85° offset=12.85°)
[Spec] SRC up-axis = 2 (0:X,1:Y,2:Z)
[Spec] handedness(from JSON) = left  hand_sign=-1
[posttrain][WARN] checkpoint has contact_plan_init_head weights; overriding contact_plan_init_mode -> learnable+obs.
[posttrain][INFO] ckpt period_dim=32 but Event-Clock period_feat_dim=0; initializing model with Event-Clock-compatible period_dim then attaching encoder bundle before loading weights.
[posttrain][INFO] dropped 10 direct_pose_* tensors from checkpoint (reinit/override).
[LR-DBG:init] arg_lr=1.00e-03 opt_pg0=1.00e-03
[posttrain] mode=train_direct_pose
[posttrain] trainable=20 params: direct_pose_head.0.weight, direct_pose_head.0.bias, direct_pose_head.3.weight, direct_pose_head.3.bias, direct_pose_out_leg.weight, direct_pose_out_leg.bias, direct_pose_out_arm.weight, direct_pose_out_arm.bias ...
[posttrain][e1 i0/60] total=2.000000 dir=2.000000 blend=0.300639 inc=0.300639 λ=0.000±0.000 gnorm(L/N)=1.000/1.000 raw=1.000/1.000 ema=0.192/0.061 hit=0/0 g(trunk/leg/non)=1.059e+00/9.108e-01/6.851e-01 legω=4.896e+00 gr=0.752 grω=0.140 !grad_ratio_low_omega
[posttrain][e1 i20/60] total=1.472389 dir=1.472389 blend=0.306010 inc=0.306010 λ=0.000±0.000 gnorm(L/N)=0.719/0.754 raw=0.719/0.754 ema=0.150/0.044 hit=0/0 g(trunk/leg/non)=1.317e+00/1.219e+00/1.240e+00 legω=2.703e+00 gr=1.018 grω=0.459
[posttrain][e1 i40/60] total=1.219586 dir=1.219586 blend=0.306444 inc=0.306444 λ=0.000±0.000 gnorm(L/N)=0.720/0.499 raw=0.720/0.499 ema=0.099/0.028 hit=0/0 g(trunk/leg/non)=1.547e+00/1.785e+00/2.170e+00 legω=4.379e+00 gr=1.215 grω=0.495
[posttrain][epoch 1] avg_total=1.227408 ok_steps=60 skipped=0
[posttrain][e2 i0/60] total=0.999584 dir=0.999584 blend=0.293016 inc=0.293016 λ=0.000±0.000 gnorm(L/N)=0.507/0.493 raw=0.507/0.493 ema=0.066/0.017 hit=0/0 g(trunk/leg/non)=2.153e+00/2.479e+00/3.416e+00 legω=6.244e+00 gr=1.378 grω=0.547
[posttrain][e2 i20/60] total=1.064884 dir=1.064884 blend=0.295048 inc=0.295048 λ=0.000±0.000 gnorm(L/N)=0.493/0.572 raw=0.493/0.572 ema=0.042/0.011 hit=0/0 g(trunk/leg/non)=5.099e+00/3.816e+00/7.104e+00 legω=7.517e+00 gr=1.862 grω=0.945
[posttrain][e2 i40/60] total=1.696653 dir=1.696653 blend=0.298963 inc=0.298963 λ=0.000±0.000 gnorm(L/N)=0.791/0.906 raw=0.791/0.906 ema=0.032/0.008 hit=0/0 g(trunk/leg/non)=1.178e+01/6.330e+00/1.066e+01 legω=9.475e+00 gr=1.684 grω=1.125
[posttrain][epoch 2] avg_total=1.414697 ok_steps=60 skipped=0
[posttrain][e3 i0/60] total=1.946738 dir=1.946738 blend=0.295705 inc=0.295705 λ=0.000±0.000 gnorm(L/N)=0.912/1.035 raw=0.912/1.035 ema=0.026/0.007 hit=0/0 g(trunk/leg/non)=1.397e+01/8.730e+00/9.841e+00 legω=1.503e+01 gr=1.127 grω=0.655
[posttrain][e3 i20/60] total=1.559546 dir=1.559546 blend=0.290934 inc=0.290934 λ=0.000±0.000 gnorm(L/N)=0.830/0.730 raw=0.830/0.730 ema=0.023/0.006 hit=0/0 g(trunk/leg/non)=7.419e+00/5.518e+00/8.504e+00 legω=1.183e+01 gr=1.541 grω=0.719
[posttrain][e3 i40/60] total=1.852360 dir=1.852360 blend=0.301932 inc=0.301932 λ=0.000±0.000 gnorm(L/N)=0.923/0.930 raw=0.923/0.930 ema=0.021/0.005 hit=0/0 g(trunk/leg/non)=8.329e+00/7.315e+00/7.481e+00 legω=1.727e+01 gr=1.023 grω=0.433
[posttrain][epoch 3] avg_total=1.759664 ok_steps=60 skipped=0
[posttrain][e4 i0/60] total=1.515264 dir=1.515264 blend=0.296764 inc=0.296764 λ=0.000±0.000 gnorm(L/N)=0.636/0.880 raw=0.636/0.880 ema=0.019/0.005 hit=0/0 g(trunk/leg/non)=9.281e+00/8.409e+00/1.482e+01 legω=1.735e+01 gr=1.763 grω=0.854
[posttrain][e4 i20/60] total=1.730878 dir=1.730878 blend=0.291655 inc=0.291655 λ=0.000±0.000 gnorm(L/N)=0.859/0.872 raw=0.859/0.872 ema=0.017/0.005 hit=0/0 g(trunk/leg/non)=1.405e+01/8.456e+00/1.401e+01 legω=1.495e+01 gr=1.657 grω=0.937
[posttrain][e4 i40/60] total=1.695874 dir=1.695874 blend=0.291795 inc=0.291795 λ=0.000±0.000 gnorm(L/N)=0.794/0.902 raw=0.794/0.902 ema=0.016/0.004 hit=0/0 g(trunk/leg/non)=8.797e+00/8.948e+00/1.636e+01 legω=1.551e+01 gr=1.828 grω=1.055
[posttrain][epoch 4] avg_total=1.834259 ok_steps=60 skipped=0
[posttrain][e5 i0/60] total=1.583051 dir=1.583051 blend=0.300428 inc=0.300428 λ=0.000±0.000 gnorm(L/N)=0.729/0.854 raw=0.729/0.854 ema=0.015/0.004 hit=0/0 g(trunk/leg/non)=7.393e+00/7.850e+00/1.451e+01 legω=1.630e+01 gr=1.848 grω=0.890
[posttrain][e5 i20/60] total=1.986734 dir=1.986734 blend=0.301487 inc=0.301487 λ=0.000±0.000 gnorm(L/N)=1.000/0.986 raw=1.000/0.986 ema=0.014/0.004 hit=0/0 g(trunk/leg/non)=8.794e+00/7.387e+00/1.150e+01 legω=1.891e+01 gr=1.557 grω=0.608
[posttrain][e5 i40/60] total=2.068280 dir=2.068280 blend=0.293205 inc=0.293205 λ=0.000±0.000 gnorm(L/N)=0.943/1.125 raw=0.943/1.125 ema=0.015/0.004 hit=0/0 g(trunk/leg/non)=1.604e+01/1.307e+01/1.761e+01 legω=2.006e+01 gr=1.347 grω=0.878
[posttrain][epoch 5] avg_total=2.053900 ok_steps=60 skipped=0
[posttrain][OK] saved: /Users/xingzhaorui/PycharmProjects/PythonProject/models/__tmp_stage6_plantransplant_20260314/stage6/old_with_cp015_planstack/ckpt_last_old_with_cp015_planstack_stage6_plantransplant_20260314.pth
[exit_code] 0

$ /Users/xingzhaorui/miniconda3/envs/train/bin/python -m train.validate.run_freerun_cycles --teacher /Users/xingzhaorui/PycharmProjects/PythonProject/validate/teacher_batches/Walk_F_teacher.json --model /Users/xingzhaorui/PycharmProjects/PythonProject/models/__tmp_stage6_plantransplant_20260314/stage6/old_with_cp015_planstack/ckpt_last_old_with_cp015_planstack_stage6_plantransplant_20260314.pth --rounds 5 --depth 3 --time-index-mode cycle --phase_reset_source none --contacts_meas_source pretrain_contact --contacts_meas_pretrain_clamp 1.0 --contacts_meas_pretrain_affine_stats /Users/xingzhaorui/PycharmProjects/PythonProject/debug_output/_tmp_phaseb_affine_20260304/affine_fit_mix08/affine_stats.json --encoder-bundle /Users/xingzhaorui/PycharmProjects/PythonProject/models/motion_encoder_equiv.pt.best.pt --export_joint_direct_geolocal_series --out /Users/xingzhaorui/PycharmProjects/PythonProject/debug_output/_tmp_stage6_plantransplant_20260314/old_with_cp015_planstack/stage6_freerun --force
[FreeRun][INFO] stripped 10 frozen encoder keys from checkpoint for runtime load.
[ForwardAxis] source=meta axis=2 (median Δyaw=12.85° offset=12.85°)
[Spec] SRC up-axis = 2 (0:X,1:Y,2:Z)
[Spec] handedness(from JSON) = left  hand_sign=-1
[FreeRun][INFO] ckpt period_dim=32 but Event-Clock period_feat_dim=0; initializing model with Event-Clock-compatible period_dim then attaching encoder bundle before loading weights.
[FreeRun][WARN] dropping unsupported EventMotionModel kwargs: direct_pose_hinge_axis, direct_pose_hinge_base_feat, direct_pose_hinge_bones, direct_pose_hinge_clean, direct_pose_hinge_enable, direct_pose_hinge_eps_dropout, direct_pose_hinge_eps_hidden, direct_pose_hinge_eps_max_deg, direct_pose_hinge_eps_max_scale, direct_pose_hinge_eps_source, direct_pose_hinge_feat_source, direct_pose_hinge_gate_mode, ... (+4)
[FreeRun][WARN] state_dict mismatch: missing=['frozen_encoder.mlp.0.weight', 'frozen_encoder.mlp.0.bias', 'frozen_encoder.mlp.3.weight', 'frozen_encoder.mlp.3.bias', 'frozen_encoder.mlp.6.weight', 'frozen_encoder.mlp.6.bias', 'frozen_encoder.summary_head.weight', 'frozen_encoder.summary_head.bias', 'frozen_period_head.fc.weight', 'frozen_period_head.fc.bias'], unexpected=[]
[LR-DBG:init] arg_lr=1.00e-04 opt_pg0=1.00e-04
[Loss][UnifiedWeights] range=[0.050, 6.612] mean=1.000 std=1.499 power=0.6 self_scale=1.5 min_w=0.05 visual=False
[OK] Walk_F: wrote /Users/xingzhaorui/PycharmProjects/PythonProject/debug_output/_tmp_stage6_plantransplant_20260314/old_with_cp015_planstack/stage6_freerun/Walk_F_freerun_cycles.json
[Done] clips=1 ok / 0 failed
[exit_code] 0

$ /Users/xingzhaorui/miniconda3/envs/train/bin/python /Users/xingzhaorui/PycharmProjects/PythonProject/tools/phasea_group_summary.py /Users/xingzhaorui/PycharmProjects/PythonProject/debug_output/_tmp_stage6_plantransplant_20260314/old_with_cp015_planstack/stage6_freerun/Walk_F_freerun_cycles.json --cycle_gte 1 --drop_wrap --out /Users/xingzhaorui/PycharmProjects/PythonProject/debug_output/_tmp_stage6_plantransplant_20260314/old_with_cp015_planstack/stage6_group_summary.json
/Users/xingzhaorui/PycharmProjects/PythonProject/debug_output/_tmp_stage6_plantransplant_20260314/old_with_cp015_planstack/stage6_group_summary.json
[exit_code] 0
