[ForwardAxis] source=meta axis=2 (median Δyaw=12.85° offset=12.85°)
[Spec] SRC up-axis = 2 (0:X,1:Y,2:Z)
[Spec] handedness(from JSON) = left  hand_sign=-1
[posttrain][WARN] checkpoint has contact_plan_init_head weights; overriding contact_plan_init_mode -> learnable+obs.
[posttrain][INFO] ckpt period_dim=32 but Event-Clock period_feat_dim=0; initializing model with Event-Clock-compatible period_dim then attaching encoder bundle before loading weights.
[posttrain][INFO] expanded direct_pose_head.0.weight in_dim 43 -> 47 (appended phase_z_in dim=4 as zeros).
[posttrain][INFO] expanded direct_pose_leg_head.0.weight in_dim 43 -> 47 (appended phase_z_in dim=4 as zeros).
[LR-DBG:init] arg_lr=1.00e-03 opt_pg0=1.00e-03
[posttrain] trainable=20 params: direct_pose_head.0.weight, direct_pose_head.0.bias, direct_pose_head.3.weight, direct_pose_head.3.bias, direct_pose_out_leg.weight, direct_pose_out_leg.bias, direct_pose_arm_proj.0.weight, direct_pose_arm_proj.0.bias ...
[posttrain][e1 i0/60] total=2.000000 dir=2.000000 blend=0.377390 inc=0.377390 λ=0.000±0.000 gnorm(L/N)=1.000/1.000 ema=0.010/0.002
[posttrain][e1 i20/60] total=1.831193 dir=1.831193 blend=0.374753 inc=0.374753 λ=0.000±0.000 gnorm(L/N)=1.043/0.788 ema=0.014/0.010
[posttrain][e1 i40/60] total=1.845182 dir=1.845182 blend=0.366838 inc=0.366838 λ=0.000±0.000 gnorm(L/N)=0.941/0.904 ema=0.012/0.007
[posttrain][epoch 1] avg_total=2.254702 ok_steps=60 skipped=0
[posttrain][e2 i0/60] total=2.193698 dir=2.193698 blend=0.387531 inc=0.387531 λ=0.000±0.000 gnorm(L/N)=1.221/0.973 ema=0.012/0.005
[posttrain][e2 i20/60] total=1.797797 dir=1.797797 blend=0.367622 inc=0.367622 λ=0.000±0.000 gnorm(L/N)=0.966/0.832 ema=0.011/0.004
[posttrain][e2 i40/60] total=1.462306 dir=1.462306 blend=0.396714 inc=0.396714 λ=0.000±0.000 gnorm(L/N)=0.776/0.686 ema=0.010/0.003
[posttrain][epoch 2] avg_total=1.747689 ok_steps=60 skipped=0
[posttrain][e3 i0/60] total=2.256214 dir=2.256214 blend=0.378557 inc=0.378557 λ=0.000±0.000 gnorm(L/N)=1.096/1.160 ema=0.009/0.003
[posttrain][e3 i20/60] total=2.743332 dir=2.743332 blend=0.390535 inc=0.390535 λ=0.000±0.000 gnorm(L/N)=1.550/1.193 ema=0.009/0.003
[posttrain][e3 i40/60] total=1.586634 dir=1.586634 blend=0.369881 inc=0.369881 λ=0.000±0.000 gnorm(L/N)=0.810/0.776 ema=0.010/0.003
[posttrain][epoch 3] avg_total=2.009795 ok_steps=60 skipped=0
[posttrain][OK] saved: models/MLPL2_DirectBranch_v1__base_to_stage7_lambdafinal_20260226_cpu/ckpt_last_WalkF_stage7_70b_phasezin_splitB2_pe32h512_20260227_fromarmchain.pth
