
$ /Users/xingzhaorui/miniconda3/envs/train/bin/python -m train.validate.run_freerun_cycles --teacher /Users/xingzhaorui/PycharmProjects/PythonProject/validate/teacher_batches/Walk_F_teacher.json --model /Users/xingzhaorui/PycharmProjects/PythonProject/models/__tmp_stage6_directposeoff_compare_20260313/exp_phase_DirectBranch_v1_d1_cp015_tailk3_directposeoff_20260313/ckpt_best_free_exp_phase_DirectBranch_v1_d1_cp015_tailk3_directposeoff_20260313.pth --rounds 5 --depth 3 --time-index-mode cycle --phase_reset_source none --contacts_meas_source pretrain_contact --contacts_meas_pretrain_clamp 1.0 --contacts_meas_pretrain_affine_stats /Users/xingzhaorui/PycharmProjects/PythonProject/debug_output/_tmp_phaseb_affine_20260304/affine_fit_mix08/affine_stats.json --encoder-bundle /Users/xingzhaorui/PycharmProjects/PythonProject/models/motion_encoder_equiv.pt.best.pt --export_joint_direct_geolocal_series --out /Users/xingzhaorui/PycharmProjects/PythonProject/debug_output/_tmp_stage6_directposeoff_compare_20260313/results/cp015_dpoff_bestfree/basetrain_freerun --force
[FreeRun][INFO] stripped 10 frozen encoder keys from checkpoint for runtime load.
[ForwardAxis] source=meta axis=2 (median Δyaw=12.85° offset=12.85°)
[Spec] SRC up-axis = 2 (0:X,1:Y,2:Z)
[Spec] handedness(from JSON) = left  hand_sign=-1
[FreeRun][INFO] ckpt period_dim=32 but Event-Clock period_feat_dim=0; initializing model with Event-Clock-compatible period_dim then attaching encoder bundle before loading weights.
[FreeRun][WARN] dropping unsupported EventMotionModel kwargs: direct_pose_hinge_axis, direct_pose_hinge_base_feat, direct_pose_hinge_bones, direct_pose_hinge_clean, direct_pose_hinge_enable, direct_pose_hinge_eps_dropout, direct_pose_hinge_eps_hidden, direct_pose_hinge_eps_max_deg, direct_pose_hinge_eps_max_scale, direct_pose_hinge_eps_source, direct_pose_hinge_feat_source, direct_pose_hinge_gate_mode, ... (+4)
[FreeRun][WARN] state_dict mismatch: missing=['frozen_encoder.mlp.0.weight', 'frozen_encoder.mlp.0.bias', 'frozen_encoder.mlp.3.weight', 'frozen_encoder.mlp.3.bias', 'frozen_encoder.mlp.6.weight', 'frozen_encoder.mlp.6.bias', 'frozen_encoder.summary_head.weight', 'frozen_encoder.summary_head.bias', 'frozen_period_head.fc.weight', 'frozen_period_head.fc.bias'], unexpected=[]
[LR-DBG:init] arg_lr=1.00e-04 opt_pg0=1.00e-04
[Loss][UnifiedWeights] range=[0.050, 6.612] mean=1.000 std=1.499 power=0.6 self_scale=1.5 min_w=0.05 visual=False
[OK] Walk_F: wrote /Users/xingzhaorui/PycharmProjects/PythonProject/debug_output/_tmp_stage6_directposeoff_compare_20260313/results/cp015_dpoff_bestfree/basetrain_freerun/Walk_F_freerun_cycles.json
[Done] clips=1 ok / 0 failed
[exit_code] 0

$ /Users/xingzhaorui/miniconda3/envs/train/bin/python /Users/xingzhaorui/PycharmProjects/PythonProject/tools/phasea_group_summary.py /Users/xingzhaorui/PycharmProjects/PythonProject/debug_output/_tmp_stage6_directposeoff_compare_20260313/results/cp015_dpoff_bestfree/basetrain_freerun/Walk_F_freerun_cycles.json --cycle_gte 1 --drop_wrap --out /Users/xingzhaorui/PycharmProjects/PythonProject/debug_output/_tmp_stage6_directposeoff_compare_20260313/results/cp015_dpoff_bestfree/basetrain_group_summary.json
/Users/xingzhaorui/PycharmProjects/PythonProject/debug_output/_tmp_stage6_directposeoff_compare_20260313/results/cp015_dpoff_bestfree/basetrain_group_summary.json
[exit_code] 0

$ /Users/xingzhaorui/miniconda3/envs/train/bin/python -m train.posttrain --config /Users/xingzhaorui/PycharmProjects/PythonProject/config/posttrain_WalkF_stage6_direct_cond_anchor_splitfirst_3way_armchain_pe32h512_20260227.json --ckpt_in /Users/xingzhaorui/PycharmProjects/PythonProject/models/__tmp_stage6_directposeoff_compare_20260313/exp_phase_DirectBranch_v1_d1_cp015_tailk3_directposeoff_20260313/ckpt_best_free_exp_phase_DirectBranch_v1_d1_cp015_tailk3_directposeoff_20260313.pth --out_dir /Users/xingzhaorui/PycharmProjects/PythonProject/models/__tmp_stage6_directposeoff_stage6_20260313/cp015_dpoff_bestfree --run_name cp015_dpoff_bestfree_stage6_cmp_directposeoff_20260313_directposeoff --posttrain_contacts_source pretrain_contact --posttrain_contacts_pretrain_clamp 1.0 --encoder_bundle /Users/xingzhaorui/PycharmProjects/PythonProject/models/motion_encoder_equiv.pt.best.pt --posttrain_contacts_pretrain_affine_stats /Users/xingzhaorui/PycharmProjects/PythonProject/debug_output/_tmp_phaseb_affine_20260304/affine_fit_mix08/affine_stats.json
[ForwardAxis] source=meta axis=2 (median Δyaw=12.85° offset=12.85°)
[Spec] SRC up-axis = 2 (0:X,1:Y,2:Z)
[Spec] handedness(from JSON) = left  hand_sign=-1
[posttrain][WARN] checkpoint has contact_plan_init_head weights; overriding contact_plan_init_mode -> learnable+obs.
[posttrain][INFO] ckpt period_dim=32 but Event-Clock period_feat_dim=0; initializing model with Event-Clock-compatible period_dim then attaching encoder bundle before loading weights.
[LR-DBG:init] arg_lr=1.00e-03 opt_pg0=1.00e-03
[posttrain] mode=train_direct_pose
[posttrain] trainable=20 params: direct_pose_head.0.weight, direct_pose_head.0.bias, direct_pose_head.3.weight, direct_pose_head.3.bias, direct_pose_out_leg.weight, direct_pose_out_leg.bias, direct_pose_out_arm.weight, direct_pose_out_arm.bias ...
[posttrain][e1 i0/60] total=2.000000 dir=2.000000 blend=0.206867 inc=0.206867 λ=0.000±0.000 gnorm(L/N)=1.000/1.000 raw=1.000/1.000 ema=0.191/0.061 hit=0/0 g(trunk/leg/non)=9.622e-01/8.773e-01/6.466e-01 legω=4.812e+00 gr=0.737 grω=0.134 !grad_ratio_low_omega
[posttrain][e1 i20/60] total=1.425502 dir=1.425502 blend=0.210556 inc=0.210556 λ=0.000±0.000 gnorm(L/N)=0.685/0.741 raw=0.685/0.741 ema=0.150/0.044 hit=0/0 g(trunk/leg/non)=1.292e+00/1.275e+00/1.744e+00 legω=2.692e+00 gr=1.367 grω=0.648
[posttrain][e1 i40/60] total=1.088170 dir=1.088170 blend=0.209464 inc=0.209464 λ=0.000±0.000 gnorm(L/N)=0.596/0.492 raw=0.596/0.492 ema=0.099/0.028 hit=0/0 g(trunk/leg/non)=1.434e+00/1.543e+00/1.429e+00 legω=3.503e+00 gr=0.926 grω=0.408
[posttrain][epoch 1] avg_total=1.233903 ok_steps=60 skipped=0
[posttrain][e2 i0/60] total=1.212883 dir=1.212883 blend=0.213769 inc=0.213769 λ=0.000±0.000 gnorm(L/N)=0.646/0.567 raw=0.646/0.567 ema=0.064/0.018 hit=0/0 g(trunk/leg/non)=4.706e+00/3.001e+00/2.679e+00 legω=6.706e+00 gr=0.893 grω=0.399
[posttrain][e2 i20/60] total=1.305857 dir=1.305857 blend=0.210201 inc=0.210201 λ=0.000±0.000 gnorm(L/N)=0.747/0.559 raw=0.747/0.559 ema=0.044/0.012 hit=0/0 g(trunk/leg/non)=5.328e+00/4.002e+00/3.721e+00 legω=9.669e+00 gr=0.930 grω=0.385
[posttrain][e2 i40/60] total=1.414847 dir=1.414847 blend=0.194817 inc=0.194817 λ=0.000±0.000 gnorm(L/N)=0.737/0.678 raw=0.737/0.678 ema=0.032/0.009 hit=0/0 g(trunk/leg/non)=6.113e+00/6.048e+00/6.314e+00 legω=9.488e+00 gr=1.044 grω=0.665
[posttrain][epoch 2] avg_total=1.378216 ok_steps=60 skipped=0
[posttrain][e3 i0/60] total=1.514871 dir=1.514871 blend=0.196700 inc=0.196700 λ=0.000±0.000 gnorm(L/N)=0.736/0.779 raw=0.736/0.779 ema=0.026/0.007 hit=0/0 g(trunk/leg/non)=1.107e+01/5.842e+00/1.029e+01 legω=1.602e+01 gr=1.762 grω=0.643
[posttrain][e3 i20/60] total=1.501377 dir=1.501377 blend=0.192376 inc=0.192376 λ=0.000±0.000 gnorm(L/N)=0.773/0.729 raw=0.773/0.729 ema=0.021/0.005 hit=0/0 g(trunk/leg/non)=9.826e+00/7.187e+00/8.950e+00 legω=1.452e+01 gr=1.245 grω=0.616
[posttrain][e3 i40/60] total=2.121006 dir=2.121006 blend=0.209015 inc=0.209015 λ=0.000±0.000 gnorm(L/N)=1.046/1.075 raw=1.046/1.075 ema=0.018/0.005 hit=0/0 g(trunk/leg/non)=1.349e+01/9.650e+00/1.027e+01 legω=2.087e+01 gr=1.065 grω=0.492
[posttrain][epoch 3] avg_total=1.753077 ok_steps=60 skipped=0
[posttrain][e4 i0/60] total=1.995853 dir=1.995853 blend=0.213146 inc=0.213146 λ=0.000±0.000 gnorm(L/N)=1.103/0.893 raw=1.103/0.893 ema=0.017/0.005 hit=0/0 g(trunk/leg/non)=1.541e+01/1.138e+01/1.153e+01 legω=2.427e+01 gr=1.013 grω=0.475
[posttrain][e4 i20/60] total=1.822461 dir=1.822461 blend=0.194112 inc=0.194112 λ=0.000±0.000 gnorm(L/N)=1.011/0.812 raw=1.011/0.812 ema=0.016/0.005 hit=0/0 g(trunk/leg/non)=1.295e+01/1.079e+01/1.095e+01 legω=1.811e+01 gr=1.016 grω=0.605
[posttrain][e4 i40/60] total=1.867241 dir=1.867241 blend=0.193099 inc=0.193099 λ=0.000±0.000 gnorm(L/N)=0.858/1.009 raw=0.858/1.009 ema=0.019/0.005 hit=0/0 g(trunk/leg/non)=1.505e+01/1.134e+01/1.369e+01 legω=1.509e+01 gr=1.207 grω=0.907
[posttrain][epoch 4] avg_total=2.038285 ok_steps=60 skipped=0
[posttrain][e5 i0/60] total=1.786169 dir=1.786169 blend=0.209152 inc=0.209152 λ=0.000±0.000 gnorm(L/N)=0.922/0.864 raw=0.922/0.864 ema=0.018/0.005 hit=0/0 g(trunk/leg/non)=8.175e+00/8.456e+00/9.388e+00 legω=2.111e+01 gr=1.110 grω=0.445
[posttrain][e5 i20/60] total=1.921536 dir=1.921536 blend=0.206628 inc=0.206628 λ=0.000±0.000 gnorm(L/N)=1.032/0.889 raw=1.032/0.889 ema=0.017/0.005 hit=0/0 g(trunk/leg/non)=6.576e+00/9.021e+00/1.077e+01 legω=1.839e+01 gr=1.193 grω=0.585
[posttrain][e5 i40/60] total=1.767926 dir=1.767926 blend=0.212589 inc=0.212589 λ=0.000±0.000 gnorm(L/N)=0.840/0.928 raw=0.840/0.928 ema=0.016/0.004 hit=0/0 g(trunk/leg/non)=1.018e+01/1.055e+01/9.454e+00 legω=1.904e+01 gr=0.896 grω=0.497
[posttrain][epoch 5] avg_total=1.829409 ok_steps=60 skipped=0
[posttrain][OK] saved: /Users/xingzhaorui/PycharmProjects/PythonProject/models/__tmp_stage6_directposeoff_stage6_20260313/cp015_dpoff_bestfree/ckpt_last_cp015_dpoff_bestfree_stage6_cmp_directposeoff_20260313_directposeoff.pth
[exit_code] 0

$ /Users/xingzhaorui/miniconda3/envs/train/bin/python -m train.validate.run_freerun_cycles --teacher /Users/xingzhaorui/PycharmProjects/PythonProject/validate/teacher_batches/Walk_F_teacher.json --model /Users/xingzhaorui/PycharmProjects/PythonProject/models/__tmp_stage6_directposeoff_stage6_20260313/cp015_dpoff_bestfree/ckpt_last_cp015_dpoff_bestfree_stage6_cmp_directposeoff_20260313_directposeoff.pth --rounds 5 --depth 3 --time-index-mode cycle --phase_reset_source none --contacts_meas_source pretrain_contact --contacts_meas_pretrain_clamp 1.0 --contacts_meas_pretrain_affine_stats /Users/xingzhaorui/PycharmProjects/PythonProject/debug_output/_tmp_phaseb_affine_20260304/affine_fit_mix08/affine_stats.json --encoder-bundle /Users/xingzhaorui/PycharmProjects/PythonProject/models/motion_encoder_equiv.pt.best.pt --export_joint_direct_geolocal_series --out /Users/xingzhaorui/PycharmProjects/PythonProject/debug_output/_tmp_stage6_directposeoff_compare_20260313/results/cp015_dpoff_bestfree/stage6_freerun --force
[FreeRun][INFO] stripped 10 frozen encoder keys from checkpoint for runtime load.
[ForwardAxis] source=meta axis=2 (median Δyaw=12.85° offset=12.85°)
[Spec] SRC up-axis = 2 (0:X,1:Y,2:Z)
[Spec] handedness(from JSON) = left  hand_sign=-1
[FreeRun][INFO] ckpt period_dim=32 but Event-Clock period_feat_dim=0; initializing model with Event-Clock-compatible period_dim then attaching encoder bundle before loading weights.
[FreeRun][WARN] dropping unsupported EventMotionModel kwargs: direct_pose_hinge_axis, direct_pose_hinge_base_feat, direct_pose_hinge_bones, direct_pose_hinge_clean, direct_pose_hinge_enable, direct_pose_hinge_eps_dropout, direct_pose_hinge_eps_hidden, direct_pose_hinge_eps_max_deg, direct_pose_hinge_eps_max_scale, direct_pose_hinge_eps_source, direct_pose_hinge_feat_source, direct_pose_hinge_gate_mode, ... (+4)
[FreeRun][WARN] state_dict mismatch: missing=['frozen_encoder.mlp.0.weight', 'frozen_encoder.mlp.0.bias', 'frozen_encoder.mlp.3.weight', 'frozen_encoder.mlp.3.bias', 'frozen_encoder.mlp.6.weight', 'frozen_encoder.mlp.6.bias', 'frozen_encoder.summary_head.weight', 'frozen_encoder.summary_head.bias', 'frozen_period_head.fc.weight', 'frozen_period_head.fc.bias'], unexpected=[]
[LR-DBG:init] arg_lr=1.00e-04 opt_pg0=1.00e-04
[Loss][UnifiedWeights] range=[0.050, 6.612] mean=1.000 std=1.499 power=0.6 self_scale=1.5 min_w=0.05 visual=False
[OK] Walk_F: wrote /Users/xingzhaorui/PycharmProjects/PythonProject/debug_output/_tmp_stage6_directposeoff_compare_20260313/results/cp015_dpoff_bestfree/stage6_freerun/Walk_F_freerun_cycles.json
[Done] clips=1 ok / 0 failed
[exit_code] 0

$ /Users/xingzhaorui/miniconda3/envs/train/bin/python /Users/xingzhaorui/PycharmProjects/PythonProject/tools/phasea_group_summary.py /Users/xingzhaorui/PycharmProjects/PythonProject/debug_output/_tmp_stage6_directposeoff_compare_20260313/results/cp015_dpoff_bestfree/stage6_freerun/Walk_F_freerun_cycles.json --cycle_gte 1 --drop_wrap --out /Users/xingzhaorui/PycharmProjects/PythonProject/debug_output/_tmp_stage6_directposeoff_compare_20260313/results/cp015_dpoff_bestfree/stage6_group_summary.json
/Users/xingzhaorui/PycharmProjects/PythonProject/debug_output/_tmp_stage6_directposeoff_compare_20260313/results/cp015_dpoff_bestfree/stage6_group_summary.json
[exit_code] 0
